// Jest Snapshot v1, https://goo.gl/fbAQLP

exports[`Pruebas en DeleteEventFab Debe de hacer match con el snapshot 1`] = `
<button
  className="btn btn-danger fab-danger"
  onClick={[Function]}
>
  <i
    className="fas fa-trash"
  />
  <span>
     Delete Event
  </span>
</button>
`;
